Running a simple test to check the correct path
